[2026-05-28 01:50:26] 启动 PointTransformer 训练 (B=32, epoch=100)
[2026-05-28 01:52:26] 启动 PointTransformer 训练 (B=32, epoch=100)
[2026-05-28 02:19:43] 启动 PointTransformer 训练 (B=32, epoch=100)
[2026-06-03 00:26:35] 自动训练队列: pointnet, pointnet2, pointnet2msg, pointbert, pointmae, pointtransformer, pointtransv2, pointtransv3, pointmlp, pointmlpelite, upp, spt
[2026-06-03 00:26:35] 启动训练: D:\Anaconda3\envs\torchnew\python.exe D:\PYproject\SPAD\scripts\train.py --model pointnet --batch-size 32 --epochs 100 --log-dir D:\PYproject\SPAD\logs --save-dir D:\PYproject\SPAD\checkpoints
[2026-06-03 00:45:35] pointnet 训练完成: D:\PYproject\SPAD\logs\train_pointnet_20260603_002638_061953.log
[2026-06-03 00:45:35] 启动训练: D:\Anaconda3\envs\torchnew\python.exe D:\PYproject\SPAD\scripts\train.py --model pointnet2 --batch-size 32 --epochs 100 --log-dir D:\PYproject\SPAD\logs --save-dir D:\PYproject\SPAD\checkpoints
[2026-06-03 01:14:35] pointnet2 训练完成: D:\PYproject\SPAD\logs\train_pointnet2_20260603_004538_335449.log
[2026-06-03 01:14:35] 启动训练: D:\Anaconda3\envs\torchnew\python.exe D:\PYproject\SPAD\scripts\train.py --model pointnet2msg --batch-size 32 --epochs 100 --log-dir D:\PYproject\SPAD\logs --save-dir D:\PYproject\SPAD\checkpoints
[2026-06-03 02:27:06] pointnet2msg 训练完成: D:\PYproject\SPAD\logs\train_pointnet2msg_20260603_011437_963679.log
[2026-06-03 02:27:06] 启动训练: D:\Anaconda3\envs\torchnew\python.exe D:\PYproject\SPAD\scripts\train.py --model pointbert --batch-size 32 --epochs 100 --log-dir D:\PYproject\SPAD\logs --save-dir D:\PYproject\SPAD\checkpoints
[2026-06-03 02:48:36] pointbert 训练完成: D:\PYproject\SPAD\logs\train_pointbert_20260603_022708_375111.log
[2026-06-03 02:48:36] 启动训练: D:\Anaconda3\envs\torchnew\python.exe D:\PYproject\SPAD\scripts\train.py --model pointmae --batch-size 32 --epochs 100 --log-dir D:\PYproject\SPAD\logs --save-dir D:\PYproject\SPAD\checkpoints
[2026-06-03 03:13:06] pointmae 训练完成: D:\PYproject\SPAD\logs\train_pointmae_20260603_024838_285482.log
[2026-06-03 03:13:06] 启动训练: D:\Anaconda3\envs\torchnew\python.exe D:\PYproject\SPAD\scripts\train.py --model pointtransformer --batch-size 32 --epochs 100 --log-dir D:\PYproject\SPAD\logs --save-dir D:\PYproject\SPAD\checkpoints
[2026-06-03 03:42:36] pointtransformer 训练完成: D:\PYproject\SPAD\logs\train_pointtransformer_20260603_031307_846841.log
[2026-06-03 03:42:36] 启动训练: D:\Anaconda3\envs\torchnew\python.exe D:\PYproject\SPAD\scripts\train.py --model pointtransv2 --batch-size 32 --epochs 100 --log-dir D:\PYproject\SPAD\logs --save-dir D:\PYproject\SPAD\checkpoints
[2026-06-03 04:38:06] pointtransv2 训练完成: D:\PYproject\SPAD\logs\train_pointtransv2_20260603_034238_553710.log
[2026-06-03 04:38:06] 启动训练: D:\Anaconda3\envs\torchnew\python.exe D:\PYproject\SPAD\scripts\train.py --model pointtransv3 --batch-size 32 --epochs 100 --log-dir D:\PYproject\SPAD\logs --save-dir D:\PYproject\SPAD\checkpoints
[2026-06-03 05:06:36] pointtransv3 训练完成: D:\PYproject\SPAD\logs\train_pointtransv3_20260603_043807_924342.log
[2026-06-03 05:06:36] 启动训练: D:\Anaconda3\envs\torchnew\python.exe D:\PYproject\SPAD\scripts\train.py --model pointmlp --batch-size 32 --epochs 100 --log-dir D:\PYproject\SPAD\logs --save-dir D:\PYproject\SPAD\checkpoints
[2026-06-03 06:48:36] pointmlp 训练完成: D:\PYproject\SPAD\logs\train_pointmlp_20260603_050638_614989.log
[2026-06-03 06:48:36] 启动训练: D:\Anaconda3\envs\torchnew\python.exe D:\PYproject\SPAD\scripts\train.py --model pointmlpelite --batch-size 32 --epochs 100 --log-dir D:\PYproject\SPAD\logs --save-dir D:\PYproject\SPAD\checkpoints
[2026-06-03 07:25:36] pointmlpelite 训练完成: D:\PYproject\SPAD\logs\train_pointmlpelite_20260603_064838_280129.log
[2026-06-03 07:25:36] 启动训练: D:\Anaconda3\envs\torchnew\python.exe D:\PYproject\SPAD\scripts\train.py --model upp --batch-size 32 --epochs 100 --log-dir D:\PYproject\SPAD\logs --save-dir D:\PYproject\SPAD\checkpoints
[2026-06-03 07:59:06] upp 训练完成: D:\PYproject\SPAD\logs\train_upp_20260603_072538_325015.log
[2026-06-03 07:59:06] 启动训练: D:\Anaconda3\envs\torchnew\python.exe D:\PYproject\SPAD\scripts\train.py --model spt --batch-size 32 --epochs 100 --log-dir D:\PYproject\SPAD\logs --save-dir D:\PYproject\SPAD\checkpoints
